###X####################################@@#######X
########X########X############X#########@@########
#######################################@@#########
#######################################==!########
#########X#############X##############@@##########
######################################@@##########
####################################@@@###########
###########X##X##############X####@@@####X########
#################################@@@############X#
X##################@@@@########@@@@###############
###################@@@@@#####@@#@@@###############
##################@@@@@@@###@###@@###X############
########X########@@@@@@@###@####@@################
################@@@@@@@@BX@#####@@################
##############@@@@@@@@@@@@@####@@@######X#########
##############@@@@@@@@@@######@@##################
##X##############@@@@@########@@##################
#########################X###==!##################
#############################@@###################
#######X###############X####@@####################
##########################@@@###X#################
#################X#######@##@@####################
##X#####################@####@###########X########
##########X#############@#####@@##################
#######################=#######@##################
###X##################@#########@@@@@#############
#####################@##############@@@##X########
################X####@################@###########
######X##############@#################@##########
####################@##################@X#########